45884-robot.json
ABYAD.gram
AHMAR.gram
AKHDAR.gram
AKHI.gram
ASFAR.gram
AZRAQ.gram
Animal_gram.gram
Animal_gram_1_fr.gram
Animal_gram_2_fr.gram
Animal_gram_3_fr.gram
Animal_gram_4_fr.gram
Animal_gram_5_fr.gram
Animal_gram_fr.gram
Arabic_gram.gram
BAQARATUN.gram
BOURTOUQAL.gram
DAJAJATUN.gram
HALIB.gram
HISAN.gram
ISTABL.gram
JADDATI.gram
JADI.gram
KHAROUF.gram
LAYMOUN.gram
MADRASAH.gram
MANZYL.gram
MOUSTACHFA.gram
MOUSTAWSAF.gram
OUKHTI.gram
OUMI.gram
QITTA.gram
TOUFFAH.gram
ar-acousticmodel/feat.params
ar-acousticmodel/mdef
ar-acousticmodel/means
ar-acousticmodel/mixture_weights
ar-acousticmodel/noisedict
ar-acousticmodel/transition_matrices
ar-acousticmodel/variances
ar.dic
cat.gram
chat.gram
cheval.gram
chien.gram
cmudict-en-us.dict
cmusphinx-fr-ptm-8khz-5.2/README
cmusphinx-fr-ptm-8khz-5.2/feat.params
cmusphinx-fr-ptm-8khz-5.2/mdef
cmusphinx-fr-ptm-8khz-5.2/means
cmusphinx-fr-ptm-8khz-5.2/mixture_weights
cmusphinx-fr-ptm-8khz-5.2/noisedict
cmusphinx-fr-ptm-8khz-5.2/sendump
cmusphinx-fr-ptm-8khz-5.2/transition_matrices
cmusphinx-fr-ptm-8khz-5.2/variances
cow.gram
designer.gram
designereng.gram
dog.gram
en-us-ptm/README
en-us-ptm/feat.params
en-us-ptm/mdef
en-us-ptm/means
en-us-ptm/noisedict
en-us-ptm/sendump
en-us-ptm/transition_matrices
en-us-ptm/variances
fr.dict
fr.gram
gazelle.gram
gazellefr.gram
gazellle.gram
geo_categorie.gram
geo_categorie_fr.gram
hippo.gram
horse.gram
lion.gram
lionfr.gram
medecin_categorie.gram
medecin_categorie_1_fr.gram
medecin_categorie_2_fr.gram
medecin_categorie_3_fr.gram
medecin_categorie_4_fr.gram
medecin_categorie_5_fr.gram
medecin_categorie_fr.gram
medecin_mamchach.gram
medecin_mamchach_fr.gram
monkey.gram
mouton.gram
niveau_1_animal_en.gram
niveau_1_ar.gram
niveau_1_art_en.gram
niveau_1_geo_en.gram
niveau_1_med_en.gram
niveau_1_nour_en.gram
niveau_1_obj_en.gram
niveau_1_objet_fr.gram
niveau_1_sport_en.gram
niveau_1_sport_fr.gram
niveau_1_techno_en.gram
niveau_1_techno_fr.gram
niveau_1_trans_en.gram
niveau_1_trans_fr.gram
niveau_2_animal_en.gram
niveau_2_ar.gram
niveau_2_art_en.gram
niveau_2_geo_en.gram
niveau_2_med_en.gram
niveau_2_nour_en.gram
niveau_2_obj_en.gram
niveau_2_objet_fr.gram
niveau_2_sport_en.gram
niveau_2_sport_fr.gram
niveau_2_techno_en.gram
niveau_2_techno_fr.gram
niveau_2_trans_en.gram
niveau_2_trans_fr.gram
niveau_3_animal_en.gram
niveau_3_ar.gram
niveau_3_art_en.gram
niveau_3_geo_en.gram
niveau_3_med_en.gram
niveau_3_nour_en.gram
niveau_3_obj_en.gram
niveau_3_objet_fr.gram
niveau_3_sport_en.gram
niveau_3_sport_fr.gram
niveau_3_techno_en.gram
niveau_3_techno_fr.gram
niveau_3_trans_en.gram
niveau_3_trans_fr.gram
niveau_4_animal_en.gram
niveau_4_ar.gram
niveau_4_art_en.gram
niveau_4_geo_en.gram
niveau_4_med_en.gram
niveau_4_nour_en.gram
niveau_4_obj_en.gram
niveau_4_objet_fr.gram
niveau_4_sport_en.gram
niveau_4_sport_fr.gram
niveau_4_techno_en.gram
niveau_4_techno_fr.gram
niveau_4_trans_en.gram
niveau_4_trans_fr.gram
niveau_5_animal_en.gram
niveau_5_ar.gram
niveau_5_art_en.gram
niveau_5_geo_en.gram
niveau_5_med_en.gram
niveau_5_nour_en.gram
niveau_5_obj_en.gram
niveau_5_objet_fr.gram
niveau_5_sport_en.gram
niveau_5_sport_fr.gram
niveau_5_techno_en.gram
niveau_5_techno_fr.gram
niveau_5_trans_en.gram
niveau_5_trans_fr.gram
niveau_cinq_art_fr.gram
niveau_cinq_fr.gram
niveau_cinq_geo_fr.gram
niveau_cinq_nour_fr.gram
niveau_deux_art_fr.gram
niveau_deux_fr.gram
niveau_deux_geo_fr.gram
niveau_deux_nour_fr.gram
niveau_quatre_art_fr.gram
niveau_quatre_fr.gram
niveau_quatre_geo_fr.gram
niveau_quatre_nour_fr.gram
niveau_trois_art_fr.gram
niveau_trois_fr.gram
niveau_trois_geo_fr.gram
niveau_trois_gram.gram
niveau_trois_nour_fr.gram
niveau_troiss_fr.gram
niveau_un_art.gram
niveau_un_art_fr.gram
niveau_un_fr.gram
niveau_un_geo_fr.gram
niveau_un_med_fr.gram
niveau_un_nour.gram
niveau_un_nour_fr.gram
niveau_unn_art_fr.gram
niveau_unn_nour_fr.gram
object_categorie.gram
object_categorie_fr.gram
oignon.gram
onion.gram
panda.gram
pandafr.gram
pizza.gram
sheep.gram
singe.gram
spainfr.gram
sport_categorie.gram
sport_categorie_fr.gram
stage.gram
techno_categorie.gram
techno_categorie_fr.gram
television_categorie.gram
television_categorie_fr.gram
tiger.gram
tigerfr.gram
tigre.gram
trans_categorie.gram
trans_categorie_fr.gram
vache.gram
zebre.gram